2025-10-13 01:34:15,063 - src.store_vector.weaviate_search - ERROR - weaviate_search - connect - Missing Weaviate configuration. Please set WEAVIATE_URL and WEAVIATE_API_KEY
2025-10-13 01:37:24,059 - src.store_vector.weaviate_search - ERROR - weaviate_search - ask_question_with_context - Failed to initialize Query Agent: No module named 'weaviate_agents'
2025-10-13 01:38:50,842 - src.store_vector.weaviate_search - ERROR - weaviate_search - ask_question_with_context - Error in search process: 'WeaviateSearcher' object has no attribute '_search_relevant_chunks'
2025-10-19 20:45:28,482 - src.store_vector.weaviate_search - ERROR - weaviate_search - connect - Error connecting to Weaviate: Meta endpoint! Unexpected status code: 404, with response body: None.
2025-10-19 20:45:43,899 - src.store_vector.weaviate_search - ERROR - weaviate_search - connect - Error connecting to Weaviate: Meta endpoint! Unexpected status code: 404, with response body: None.
2025-10-19 21:36:11,916 - src.store_vector.weaviate_search - ERROR - weaviate_search - connect - Missing Weaviate configuration. Please set WEAVIATE_URL and WEAVIATE_API_KEY
2025-10-19 21:37:27,575 - src.store_vector.weaviate_search - ERROR - weaviate_search - connect - Missing Weaviate configuration. Please set WEAVIATE_URL and WEAVIATE_API_KEY
2025-10-19 21:37:27,575 - src.store_vector.weaviate_search - ERROR - weaviate_search - connect - Missing Weaviate configuration. Please set WEAVIATE_URL and WEAVIATE_API_KEY
2025-10-19 21:43:30,053 - src.store_vector.weaviate_search - ERROR - weaviate_search - _extract_chunks_from_response - Weaviate client not initialized
2025-10-19 21:43:30,053 - src.store_vector.weaviate_search - ERROR - weaviate_search - _extract_chunks_from_response - Weaviate client not initialized
2025-10-20 06:57:28,029 - src.store_vector.weaviate_search - ERROR - weaviate_search - _extract_chunks_from_response - Weaviate client not initialized
2025-10-20 06:57:28,030 - src.store_vector.weaviate_search - ERROR - weaviate_search - _extract_chunks_from_response - Weaviate client not initialized
2025-11-07 08:45:45,165 - __main__ - ERROR - index_data - test_vector_query - Error performing vector query: Query call with protocol GRPC search failed with message explorer: get class: vectorize params: could not vectorize input for collection LegalDocument with search-type nearText. Make sure a vectorizer module is configured for this collection.
2025-11-07 08:45:45,329 - __main__ - ERROR - index_data - test_hybrid_query - Error performing hybrid query: Query call with protocol GRPC search failed with message VectorFromInput was called without vectorizer on class LegalDocument for input hình sự.
2025-11-11 15:51:41,474 - __main__ - ERROR - index_data - load_embedded_data - Error loading data from C:\Users\HP\Desktop\AI_legal_assistant\filtered_chunks_by_titles_extract.json: [Errno 2] No such file or directory: 'C:\\Users\\HP\\Desktop\\AI_legal_assistant\\filtered_chunks_by_titles_extract.json'
2025-11-11 15:51:41,474 - __main__ - ERROR - index_data - main - No data loaded
2025-11-11 15:52:38,083 - __main__ - ERROR - index_data - create_schema - Error creating schema: 'str' object has no attribute 'name'
2025-11-11 15:52:38,083 - __main__ - ERROR - index_data - main - Failed to create schema
2025-11-11 15:54:03,795 - __main__ - ERROR - index_data - create_schema - Error creating schema: Collection may not have been created properly.! Unexpected status code: 422, with response body: {'error': [{'message': 'class name LegalDocument already exists'}]}.
2025-11-11 15:54:03,796 - __main__ - ERROR - index_data - main - Failed to create schema
2025-11-11 15:56:48,852 - __main__ - ERROR - index_data - test_vector_query - Error performing vector query: Query call with protocol GRPC search failed with message explorer: get class: vectorize params: could not vectorize input for collection LegalDocument with search-type nearText. Make sure a vectorizer module is configured for this collection.
2025-11-11 15:56:49,049 - __main__ - ERROR - index_data - test_hybrid_query - Error performing hybrid query: Query call with protocol GRPC search failed with message VectorFromInput was called without vectorizer on class LegalDocument for input hình sự.
2025-11-12 14:07:42,985 - src.weaviate.index_data - ERROR - index_data - test_vector_query - Error performing vector query: Query call with protocol GRPC search failed with message explorer: get class: vectorize params: could not vectorize input for collection LegalDocument with search-type nearText. Make sure a vectorizer module is configured for this collection.
2025-11-12 14:07:43,098 - src.weaviate.index_data - ERROR - index_data - test_hybrid_query - Error performing hybrid query: Query call with protocol GRPC search failed with message VectorFromInput was called without vectorizer on class LegalDocument for input What is the statute of limitations for contract disputes?.
2025-11-12 14:08:01,905 - src.weaviate.index_data - ERROR - index_data - test_vector_query - Error performing vector query: Query call with protocol GRPC search failed with message explorer: get class: vectorize params: could not vectorize input for collection LegalDocument with search-type nearText. Make sure a vectorizer module is configured for this collection.
2025-11-12 14:08:02,005 - src.weaviate.index_data - ERROR - index_data - test_hybrid_query - Error performing hybrid query: Query call with protocol GRPC search failed with message VectorFromInput was called without vectorizer on class LegalDocument for input What is the statute of limitations for contract disputes?.
2025-11-12 14:09:51,558 - src.weaviate.index_data - ERROR - index_data - test_vector_query - Error performing vector query: Query call with protocol GRPC search failed with message explorer: get class: vectorize params: could not vectorize input for collection LegalDocument with search-type nearText. Make sure a vectorizer module is configured for this collection.
2025-11-12 14:09:51,680 - src.weaviate.index_data - ERROR - index_data - test_hybrid_query - Error performing hybrid query: Query call with protocol GRPC search failed with message VectorFromInput was called without vectorizer on class LegalDocument for input Chương I điều 1 luật hình sự là gì?.
2025-11-12 14:40:45,221 - __main__ - ERROR - index_data - test_vector_query - Error performing vector query: Query call with protocol GRPC search failed with message explorer: get class: vectorize params: could not vectorize input for collection LegalDocument with search-type nearText. Make sure a vectorizer module is configured for this collection.
2025-11-12 14:40:45,552 - __main__ - ERROR - index_data - test_hybrid_query - Error performing hybrid query: Query call with protocol GRPC search failed with message VectorFromInput was called without vectorizer on class LegalDocument for input hình sự.
2025-11-12 15:26:57,926 - __main__ - ERROR - index_data - upload_data - Error uploading batch 1: Every object failed during insertion. Here is the set of all errors: unmarshal error response body: Not Found
2025-11-12 15:26:58,309 - __main__ - ERROR - index_data - upload_data - Error uploading batch 2: Every object failed during insertion. Here is the set of all errors: unmarshal error response body: Not Found
2025-11-12 15:26:58,730 - __main__ - ERROR - index_data - upload_data - Error uploading batch 3: Every object failed during insertion. Here is the set of all errors: unmarshal error response body: Not Found
2025-11-12 15:26:59,084 - __main__ - ERROR - index_data - upload_data - Error uploading batch 4: Every object failed during insertion. Here is the set of all errors: unmarshal error response body: Not Found
2025-11-12 15:26:59,477 - __main__ - ERROR - index_data - upload_data - Error uploading batch 5: Every object failed during insertion. Here is the set of all errors: unmarshal error response body: Not Found
2025-11-12 15:26:59,859 - __main__ - ERROR - index_data - upload_data - Error uploading batch 6: Every object failed during insertion. Here is the set of all errors: unmarshal error response body: Not Found
2025-11-12 15:27:00,246 - __main__ - ERROR - index_data - upload_data - Error uploading batch 7: Every object failed during insertion. Here is the set of all errors: unmarshal error response body: Not Found
2025-11-12 15:27:00,683 - __main__ - ERROR - index_data - upload_data - Error uploading batch 8: Every object failed during insertion. Here is the set of all errors: unmarshal error response body: Not Found
2025-11-12 15:27:01,061 - __main__ - ERROR - index_data - upload_data - Error uploading batch 9: Every object failed during insertion. Here is the set of all errors: unmarshal error response body: Not Found
2025-11-12 15:27:01,461 - __main__ - ERROR - index_data - upload_data - Error uploading batch 10: Every object failed during insertion. Here is the set of all errors: unmarshal error response body: Not Found
2025-11-12 15:27:01,832 - __main__ - ERROR - index_data - upload_data - Error uploading batch 11: Every object failed during insertion. Here is the set of all errors: unmarshal error response body: Not Found
2025-11-12 15:27:02,208 - __main__ - ERROR - index_data - upload_data - Error uploading batch 12: Every object failed during insertion. Here is the set of all errors: unmarshal error response body: Not Found
2025-11-12 15:27:02,556 - __main__ - ERROR - index_data - upload_data - Error uploading batch 13: Every object failed during insertion. Here is the set of all errors: unmarshal error response body: Not Found
2025-11-12 15:27:02,936 - __main__ - ERROR - index_data - upload_data - Error uploading batch 14: Every object failed during insertion. Here is the set of all errors: unmarshal error response body: Not Found
2025-11-12 15:27:03,366 - __main__ - ERROR - index_data - upload_data - Error uploading batch 15: Every object failed during insertion. Here is the set of all errors: unmarshal error response body: Not Found
2025-11-12 15:27:03,779 - __main__ - ERROR - index_data - upload_data - Error uploading batch 16: Every object failed during insertion. Here is the set of all errors: unmarshal error response body: Not Found
2025-11-12 15:27:04,174 - __main__ - ERROR - index_data - upload_data - Error uploading batch 17: Every object failed during insertion. Here is the set of all errors: unmarshal error response body: Not Found
2025-11-12 15:27:04,594 - __main__ - ERROR - index_data - upload_data - Error uploading batch 18: Every object failed during insertion. Here is the set of all errors: unmarshal error response body: Not Found
2025-11-12 15:27:04,965 - __main__ - ERROR - index_data - upload_data - Error uploading batch 19: Every object failed during insertion. Here is the set of all errors: unmarshal error response body: Not Found
2025-11-12 15:27:05,340 - __main__ - ERROR - index_data - upload_data - Error uploading batch 20: Every object failed during insertion. Here is the set of all errors: unmarshal error response body: Not Found
2025-11-12 15:27:05,724 - __main__ - ERROR - index_data - upload_data - Error uploading batch 21: Every object failed during insertion. Here is the set of all errors: unmarshal error response body: Not Found
2025-11-12 15:27:06,097 - __main__ - ERROR - index_data - upload_data - Error uploading batch 22: Every object failed during insertion. Here is the set of all errors: unmarshal error response body: Not Found
2025-11-12 15:27:06,467 - __main__ - ERROR - index_data - upload_data - Error uploading batch 23: Every object failed during insertion. Here is the set of all errors: unmarshal error response body: Not Found
2025-11-12 15:29:33,612 - __main__ - ERROR - index_data - create_schema - Error creating schema: Collection may not have been created properly.! Unexpected status code: 422, with response body: {'error': [{'message': 'class name LegalDocument already exists'}]}.
2025-11-12 15:29:33,696 - __main__ - ERROR - index_data - create_schema - Error creating schema: Invalid input provided: Invalid collection config create parameters: 2 validation errors for _CollectionConfigCreate
vector_config._VectorConfigCreate
  Input should be a valid dictionary or instance of _VectorConfigCreate [type=model_type, input_value=_VectorizerConfigCreate(v...ctorizers.NONE: 'none'>), input_type=_VectorizerConfigCreate]
    For further information visit https://errors.pydantic.dev/2.11/v/model_type
vector_config.list[_VectorConfigCreate]
  Input should be a valid list [type=list_type, input_value=_VectorizerConfigCreate(v...ctorizers.NONE: 'none'>), input_type=_VectorizerConfigCreate]
    For further information visit https://errors.pydantic.dev/2.11/v/list_type.
2025-11-12 15:29:33,696 - __main__ - ERROR - index_data - main - Failed to create schema
2025-11-12 15:30:24,766 - __main__ - ERROR - index_data - create_schema - Error creating schema: Collection may not have been created properly.! Unexpected status code: 422, with response body: {'error': [{'message': 'class name LegalDocument already exists'}]}.
2025-11-12 15:30:24,847 - __main__ - ERROR - index_data - create_schema - Error creating schema: Invalid input provided: Invalid collection config create parameters: 2 validation errors for _CollectionConfigCreate
vector_config._VectorConfigCreate
  Input should be a valid dictionary or instance of _VectorConfigCreate [type=model_type, input_value=_VectorizerConfigCreate(v...ctorizers.NONE: 'none'>), input_type=_VectorizerConfigCreate]
    For further information visit https://errors.pydantic.dev/2.11/v/model_type
vector_config.list[_VectorConfigCreate]
  Input should be a valid list [type=list_type, input_value=_VectorizerConfigCreate(v...ctorizers.NONE: 'none'>), input_type=_VectorizerConfigCreate]
    For further information visit https://errors.pydantic.dev/2.11/v/list_type.
2025-11-12 15:30:24,848 - __main__ - ERROR - index_data - main - Failed to create schema
