2025-09-15 03:00:23,514 - chromadb.config - WARNING - chroma_server_nofile is set to 65536, but this is less than current soft limit of 1048576. chroma_server_nofile will not be set.
2025-09-15 03:00:24,869 - httpx - INFO - HTTP Request: GET https://api.trychroma.com:8000/api/v2/auth/identity "HTTP/1.1 200 OK"
2025-09-15 03:00:24,872 - chromadb.config - WARNING - chroma_server_nofile is set to 65536, but this is less than current soft limit of 1048576. chroma_server_nofile will not be set.
2025-09-15 03:00:25,921 - httpx - INFO - HTTP Request: GET https://api.trychroma.com:8000/api/v2/tenants/eacc7fce-0948-49c8-a52b-5ed4969db763 "HTTP/1.1 200 OK"
2025-09-15 03:00:26,188 - httpx - INFO - HTTP Request: GET https://api.trychroma.com:8000/api/v2/tenants/eacc7fce-0948-49c8-a52b-5ed4969db763/databases/AI%20legal%20assistant%20ChromaDB "HTTP/1.1 200 OK"
2025-09-15 03:00:26,216 - src.store_vector.init_index - INFO - Client ChromaDB created successfully.
2025-09-15 03:00:26,217 - src.store_vector.init_index - INFO - Kiểm tra hoặc tạo collection: 'legal_assistant_collection'...
2025-09-15 03:00:26,480 - httpx - INFO - HTTP Request: POST https://api.trychroma.com:8000/api/v2/tenants/eacc7fce-0948-49c8-a52b-5ed4969db763/databases/AI%20legal%20assistant%20ChromaDB/collections "HTTP/1.1 200 OK"
2025-09-15 03:00:26,483 - src.store_vector.init_index - INFO - Collection 'legal_assistant_collection' đã sẵn sàng.
2025-09-15 03:00:26,483 - __main__ - INFO - ✅ ChromaDB Cloud client connected successfully
2025-09-15 03:00:26,866 - httpx - INFO - HTTP Request: GET https://api.trychroma.com:8000/api/v2/tenants/eacc7fce-0948-49c8-a52b-5ed4969db763/databases/AI%20legal%20assistant%20ChromaDB/collections/536f80ef-63ef-4e4e-b0b0-0359af9b3f6e/count "HTTP/1.1 200 OK"
2025-09-15 03:00:26,867 - __main__ - INFO - 📊 Collection contains 163374 documents
2025-09-15 03:00:27,461 - httpx - INFO - HTTP Request: POST https://api.trychroma.com:8000/api/v2/tenants/eacc7fce-0948-49c8-a52b-5ed4969db763/databases/AI%20legal%20assistant%20ChromaDB/collections/536f80ef-63ef-4e4e-b0b0-0359af9b3f6e/get "HTTP/1.1 200 OK"
2025-09-15 03:00:27,464 - __main__ - INFO - ✅ Collection access test successful
2025-09-15 03:00:27,464 - __main__ - INFO - 🎉 ChromaDB Cloud warm up completed in 3.95 seconds
2025-09-15 03:00:27,465 - __main__ - ERROR - ❌ Some warm up tasks failed!
2025-09-15 03:00:37,607 - chromadb.config - WARNING - chroma_server_nofile is set to 65536, but this is less than current soft limit of 1048576. chroma_server_nofile will not be set.
2025-09-15 03:00:38,815 - httpx - INFO - HTTP Request: GET https://api.trychroma.com:8000/api/v2/auth/identity "HTTP/1.1 200 OK"
2025-09-15 03:00:38,817 - chromadb.config - WARNING - chroma_server_nofile is set to 65536, but this is less than current soft limit of 1048576. chroma_server_nofile will not be set.
2025-09-15 03:00:39,805 - httpx - INFO - HTTP Request: GET https://api.trychroma.com:8000/api/v2/tenants/eacc7fce-0948-49c8-a52b-5ed4969db763 "HTTP/1.1 200 OK"
2025-09-15 03:00:40,055 - httpx - INFO - HTTP Request: GET https://api.trychroma.com:8000/api/v2/tenants/eacc7fce-0948-49c8-a52b-5ed4969db763/databases/AI%20legal%20assistant%20ChromaDB "HTTP/1.1 200 OK"
2025-09-15 03:00:40,070 - src.store_vector.init_index - INFO - Client ChromaDB created successfully.
2025-09-15 03:00:40,070 - src.store_vector.init_index - INFO - Kiểm tra hoặc tạo collection: 'legal_assistant_collection'...
2025-09-15 03:00:40,338 - httpx - INFO - HTTP Request: POST https://api.trychroma.com:8000/api/v2/tenants/eacc7fce-0948-49c8-a52b-5ed4969db763/databases/AI%20legal%20assistant%20ChromaDB/collections "HTTP/1.1 200 OK"
2025-09-15 03:00:40,340 - src.store_vector.init_index - INFO - Collection 'legal_assistant_collection' đã sẵn sàng.
2025-09-15 03:00:40,341 - __main__ - INFO - ✅ ChromaDB Cloud client connected successfully
2025-09-15 03:00:40,621 - httpx - INFO - HTTP Request: GET https://api.trychroma.com:8000/api/v2/tenants/eacc7fce-0948-49c8-a52b-5ed4969db763/databases/AI%20legal%20assistant%20ChromaDB/collections/536f80ef-63ef-4e4e-b0b0-0359af9b3f6e/count "HTTP/1.1 200 OK"
2025-09-15 03:00:40,623 - __main__ - INFO - 📊 Collection contains 163374 documents
2025-09-15 03:00:41,021 - httpx - INFO - HTTP Request: POST https://api.trychroma.com:8000/api/v2/tenants/eacc7fce-0948-49c8-a52b-5ed4969db763/databases/AI%20legal%20assistant%20ChromaDB/collections/536f80ef-63ef-4e4e-b0b0-0359af9b3f6e/get "HTTP/1.1 200 OK"
2025-09-15 03:00:41,023 - __main__ - INFO - ✅ Collection access test successful
2025-09-15 03:00:41,024 - __main__ - INFO - 🎉 ChromaDB Cloud warm up completed in 3.42 seconds
2025-09-15 03:00:41,025 - __main__ - ERROR - ❌ Some warm up tasks failed!
2025-09-15 03:00:51,295 - chromadb.config - WARNING - chroma_server_nofile is set to 65536, but this is less than current soft limit of 1048576. chroma_server_nofile will not be set.
2025-09-15 03:00:52,453 - httpx - INFO - HTTP Request: GET https://api.trychroma.com:8000/api/v2/auth/identity "HTTP/1.1 200 OK"
2025-09-15 03:00:52,455 - chromadb.config - WARNING - chroma_server_nofile is set to 65536, but this is less than current soft limit of 1048576. chroma_server_nofile will not be set.
2025-09-15 03:00:53,496 - httpx - INFO - HTTP Request: GET https://api.trychroma.com:8000/api/v2/tenants/eacc7fce-0948-49c8-a52b-5ed4969db763 "HTTP/1.1 200 OK"
2025-09-15 03:00:53,754 - httpx - INFO - HTTP Request: GET https://api.trychroma.com:8000/api/v2/tenants/eacc7fce-0948-49c8-a52b-5ed4969db763/databases/AI%20legal%20assistant%20ChromaDB "HTTP/1.1 200 OK"
2025-09-15 03:00:53,781 - src.store_vector.init_index - INFO - Client ChromaDB created successfully.
2025-09-15 03:00:53,783 - src.store_vector.init_index - INFO - Kiểm tra hoặc tạo collection: 'legal_assistant_collection'...
2025-09-15 03:00:54,045 - httpx - INFO - HTTP Request: POST https://api.trychroma.com:8000/api/v2/tenants/eacc7fce-0948-49c8-a52b-5ed4969db763/databases/AI%20legal%20assistant%20ChromaDB/collections "HTTP/1.1 200 OK"
2025-09-15 03:00:54,048 - src.store_vector.init_index - INFO - Collection 'legal_assistant_collection' đã sẵn sàng.
2025-09-15 03:00:54,050 - __main__ - INFO - ✅ ChromaDB Cloud client connected successfully
2025-09-15 03:00:54,324 - httpx - INFO - HTTP Request: GET https://api.trychroma.com:8000/api/v2/tenants/eacc7fce-0948-49c8-a52b-5ed4969db763/databases/AI%20legal%20assistant%20ChromaDB/collections/536f80ef-63ef-4e4e-b0b0-0359af9b3f6e/count "HTTP/1.1 200 OK"
2025-09-15 03:00:54,326 - __main__ - INFO - 📊 Collection contains 163374 documents
2025-09-15 03:00:54,929 - httpx - INFO - HTTP Request: POST https://api.trychroma.com:8000/api/v2/tenants/eacc7fce-0948-49c8-a52b-5ed4969db763/databases/AI%20legal%20assistant%20ChromaDB/collections/536f80ef-63ef-4e4e-b0b0-0359af9b3f6e/get "HTTP/1.1 200 OK"
2025-09-15 03:00:54,941 - __main__ - INFO - ✅ Collection access test successful
2025-09-15 03:00:54,946 - __main__ - INFO - 🎉 ChromaDB Cloud warm up completed in 3.65 seconds
2025-09-15 03:00:54,950 - __main__ - ERROR - ❌ Some warm up tasks failed!
2025-09-15 03:01:07,734 - chromadb.config - WARNING - chroma_server_nofile is set to 65536, but this is less than current soft limit of 1048576. chroma_server_nofile will not be set.
2025-09-15 03:01:08,973 - httpx - INFO - HTTP Request: GET https://api.trychroma.com:8000/api/v2/auth/identity "HTTP/1.1 200 OK"
2025-09-15 03:01:08,974 - chromadb.config - WARNING - chroma_server_nofile is set to 65536, but this is less than current soft limit of 1048576. chroma_server_nofile will not be set.
2025-09-15 03:01:09,996 - httpx - INFO - HTTP Request: GET https://api.trychroma.com:8000/api/v2/tenants/eacc7fce-0948-49c8-a52b-5ed4969db763 "HTTP/1.1 200 OK"
2025-09-15 03:01:10,256 - httpx - INFO - HTTP Request: GET https://api.trychroma.com:8000/api/v2/tenants/eacc7fce-0948-49c8-a52b-5ed4969db763/databases/AI%20legal%20assistant%20ChromaDB "HTTP/1.1 200 OK"
2025-09-15 03:01:10,299 - src.store_vector.init_index - INFO - Client ChromaDB created successfully.
2025-09-15 03:01:10,301 - src.store_vector.init_index - INFO - Kiểm tra hoặc tạo collection: 'legal_assistant_collection'...
2025-09-15 03:01:10,578 - httpx - INFO - HTTP Request: POST https://api.trychroma.com:8000/api/v2/tenants/eacc7fce-0948-49c8-a52b-5ed4969db763/databases/AI%20legal%20assistant%20ChromaDB/collections "HTTP/1.1 200 OK"
2025-09-15 03:01:10,582 - src.store_vector.init_index - INFO - Collection 'legal_assistant_collection' đã sẵn sàng.
2025-09-15 03:01:10,583 - __main__ - INFO - ✅ ChromaDB Cloud client connected successfully
2025-09-15 03:01:10,874 - httpx - INFO - HTTP Request: GET https://api.trychroma.com:8000/api/v2/tenants/eacc7fce-0948-49c8-a52b-5ed4969db763/databases/AI%20legal%20assistant%20ChromaDB/collections/536f80ef-63ef-4e4e-b0b0-0359af9b3f6e/count "HTTP/1.1 200 OK"
2025-09-15 03:01:10,875 - __main__ - INFO - 📊 Collection contains 163374 documents
2025-09-15 03:01:11,167 - httpx - INFO - HTTP Request: POST https://api.trychroma.com:8000/api/v2/tenants/eacc7fce-0948-49c8-a52b-5ed4969db763/databases/AI%20legal%20assistant%20ChromaDB/collections/536f80ef-63ef-4e4e-b0b0-0359af9b3f6e/get "HTTP/1.1 200 OK"
2025-09-15 03:01:11,169 - __main__ - INFO - ✅ Collection access test successful
2025-09-15 03:01:11,171 - __main__ - INFO - 🎉 ChromaDB Cloud warm up completed in 3.44 seconds
2025-09-15 03:01:11,172 - __main__ - ERROR - ❌ Some warm up tasks failed!
2025-09-15 03:01:22,387 - chromadb.config - WARNING - chroma_server_nofile is set to 65536, but this is less than current soft limit of 1048576. chroma_server_nofile will not be set.
2025-09-15 03:01:23,554 - httpx - INFO - HTTP Request: GET https://api.trychroma.com:8000/api/v2/auth/identity "HTTP/1.1 200 OK"
2025-09-15 03:01:23,556 - chromadb.config - WARNING - chroma_server_nofile is set to 65536, but this is less than current soft limit of 1048576. chroma_server_nofile will not be set.
2025-09-15 03:01:24,640 - httpx - INFO - HTTP Request: GET https://api.trychroma.com:8000/api/v2/tenants/eacc7fce-0948-49c8-a52b-5ed4969db763 "HTTP/1.1 200 OK"
2025-09-15 03:01:24,894 - httpx - INFO - HTTP Request: GET https://api.trychroma.com:8000/api/v2/tenants/eacc7fce-0948-49c8-a52b-5ed4969db763/databases/AI%20legal%20assistant%20ChromaDB "HTTP/1.1 200 OK"
2025-09-15 03:01:24,925 - src.store_vector.init_index - INFO - Client ChromaDB created successfully.
2025-09-15 03:01:24,926 - src.store_vector.init_index - INFO - Kiểm tra hoặc tạo collection: 'legal_assistant_collection'...
2025-09-15 03:01:25,195 - httpx - INFO - HTTP Request: POST https://api.trychroma.com:8000/api/v2/tenants/eacc7fce-0948-49c8-a52b-5ed4969db763/databases/AI%20legal%20assistant%20ChromaDB/collections "HTTP/1.1 200 OK"
2025-09-15 03:01:25,198 - src.store_vector.init_index - INFO - Collection 'legal_assistant_collection' đã sẵn sàng.
2025-09-15 03:01:25,199 - __main__ - INFO - ✅ ChromaDB Cloud client connected successfully
2025-09-15 03:01:25,481 - httpx - INFO - HTTP Request: GET https://api.trychroma.com:8000/api/v2/tenants/eacc7fce-0948-49c8-a52b-5ed4969db763/databases/AI%20legal%20assistant%20ChromaDB/collections/536f80ef-63ef-4e4e-b0b0-0359af9b3f6e/count "HTTP/1.1 200 OK"
2025-09-15 03:01:25,482 - __main__ - INFO - 📊 Collection contains 163374 documents
2025-09-15 03:01:25,766 - httpx - INFO - HTTP Request: POST https://api.trychroma.com:8000/api/v2/tenants/eacc7fce-0948-49c8-a52b-5ed4969db763/databases/AI%20legal%20assistant%20ChromaDB/collections/536f80ef-63ef-4e4e-b0b0-0359af9b3f6e/get "HTTP/1.1 200 OK"
2025-09-15 03:01:25,768 - __main__ - INFO - ✅ Collection access test successful
2025-09-15 03:01:25,769 - __main__ - INFO - 🎉 ChromaDB Cloud warm up completed in 3.38 seconds
2025-09-15 03:01:25,770 - __main__ - ERROR - ❌ Some warm up tasks failed!
2025-09-15 03:01:36,137 - chromadb.config - WARNING - chroma_server_nofile is set to 65536, but this is less than current soft limit of 1048576. chroma_server_nofile will not be set.
2025-09-15 03:01:37,471 - httpx - INFO - HTTP Request: GET https://api.trychroma.com:8000/api/v2/auth/identity "HTTP/1.1 200 OK"
2025-09-15 03:01:37,475 - chromadb.config - WARNING - chroma_server_nofile is set to 65536, but this is less than current soft limit of 1048576. chroma_server_nofile will not be set.
2025-09-15 03:01:38,518 - httpx - INFO - HTTP Request: GET https://api.trychroma.com:8000/api/v2/tenants/eacc7fce-0948-49c8-a52b-5ed4969db763 "HTTP/1.1 200 OK"
2025-09-15 03:01:38,926 - httpx - INFO - HTTP Request: GET https://api.trychroma.com:8000/api/v2/tenants/eacc7fce-0948-49c8-a52b-5ed4969db763/databases/AI%20legal%20assistant%20ChromaDB "HTTP/1.1 200 OK"
2025-09-15 03:01:38,977 - src.store_vector.init_index - INFO - Client ChromaDB created successfully.
2025-09-15 03:01:38,979 - src.store_vector.init_index - INFO - Kiểm tra hoặc tạo collection: 'legal_assistant_collection'...
2025-09-15 03:01:39,243 - httpx - INFO - HTTP Request: POST https://api.trychroma.com:8000/api/v2/tenants/eacc7fce-0948-49c8-a52b-5ed4969db763/databases/AI%20legal%20assistant%20ChromaDB/collections "HTTP/1.1 200 OK"
2025-09-15 03:01:39,246 - src.store_vector.init_index - INFO - Collection 'legal_assistant_collection' đã sẵn sàng.
2025-09-15 03:01:39,247 - __main__ - INFO - ✅ ChromaDB Cloud client connected successfully
2025-09-15 03:01:39,535 - httpx - INFO - HTTP Request: GET https://api.trychroma.com:8000/api/v2/tenants/eacc7fce-0948-49c8-a52b-5ed4969db763/databases/AI%20legal%20assistant%20ChromaDB/collections/536f80ef-63ef-4e4e-b0b0-0359af9b3f6e/count "HTTP/1.1 200 OK"
2025-09-15 03:01:39,536 - __main__ - INFO - 📊 Collection contains 163374 documents
2025-09-15 03:01:39,850 - httpx - INFO - HTTP Request: POST https://api.trychroma.com:8000/api/v2/tenants/eacc7fce-0948-49c8-a52b-5ed4969db763/databases/AI%20legal%20assistant%20ChromaDB/collections/536f80ef-63ef-4e4e-b0b0-0359af9b3f6e/get "HTTP/1.1 200 OK"
2025-09-15 03:01:39,852 - __main__ - INFO - ✅ Collection access test successful
2025-09-15 03:01:39,853 - __main__ - INFO - 🎉 ChromaDB Cloud warm up completed in 3.72 seconds
2025-09-15 03:01:39,855 - __main__ - ERROR - ❌ Some warm up tasks failed!
2025-09-15 03:01:50,174 - chromadb.config - WARNING - chroma_server_nofile is set to 65536, but this is less than current soft limit of 1048576. chroma_server_nofile will not be set.
2025-09-15 03:01:51,431 - httpx - INFO - HTTP Request: GET https://api.trychroma.com:8000/api/v2/auth/identity "HTTP/1.1 200 OK"
2025-09-15 03:01:51,433 - chromadb.config - WARNING - chroma_server_nofile is set to 65536, but this is less than current soft limit of 1048576. chroma_server_nofile will not be set.
2025-09-15 03:01:52,451 - httpx - INFO - HTTP Request: GET https://api.trychroma.com:8000/api/v2/tenants/eacc7fce-0948-49c8-a52b-5ed4969db763 "HTTP/1.1 200 OK"
2025-09-15 03:01:52,704 - httpx - INFO - HTTP Request: GET https://api.trychroma.com:8000/api/v2/tenants/eacc7fce-0948-49c8-a52b-5ed4969db763/databases/AI%20legal%20assistant%20ChromaDB "HTTP/1.1 200 OK"
2025-09-15 03:01:52,724 - src.store_vector.init_index - INFO - Client ChromaDB created successfully.
2025-09-15 03:01:52,725 - src.store_vector.init_index - INFO - Kiểm tra hoặc tạo collection: 'legal_assistant_collection'...
2025-09-15 03:01:52,996 - httpx - INFO - HTTP Request: POST https://api.trychroma.com:8000/api/v2/tenants/eacc7fce-0948-49c8-a52b-5ed4969db763/databases/AI%20legal%20assistant%20ChromaDB/collections "HTTP/1.1 200 OK"
2025-09-15 03:01:52,998 - src.store_vector.init_index - INFO - Collection 'legal_assistant_collection' đã sẵn sàng.
2025-09-15 03:01:52,999 - __main__ - INFO - ✅ ChromaDB Cloud client connected successfully
2025-09-15 03:01:53,288 - httpx - INFO - HTTP Request: GET https://api.trychroma.com:8000/api/v2/tenants/eacc7fce-0948-49c8-a52b-5ed4969db763/databases/AI%20legal%20assistant%20ChromaDB/collections/536f80ef-63ef-4e4e-b0b0-0359af9b3f6e/count "HTTP/1.1 200 OK"
2025-09-15 03:01:53,289 - __main__ - INFO - 📊 Collection contains 163374 documents
2025-09-15 03:01:53,576 - httpx - INFO - HTTP Request: POST https://api.trychroma.com:8000/api/v2/tenants/eacc7fce-0948-49c8-a52b-5ed4969db763/databases/AI%20legal%20assistant%20ChromaDB/collections/536f80ef-63ef-4e4e-b0b0-0359af9b3f6e/get "HTTP/1.1 200 OK"
2025-09-15 03:01:53,578 - __main__ - INFO - ✅ Collection access test successful
2025-09-15 03:01:53,579 - __main__ - INFO - 🎉 ChromaDB Cloud warm up completed in 3.41 seconds
2025-09-15 03:01:53,581 - __main__ - ERROR - ❌ Some warm up tasks failed!
2025-09-15 03:02:04,172 - chromadb.config - WARNING - chroma_server_nofile is set to 65536, but this is less than current soft limit of 1048576. chroma_server_nofile will not be set.
2025-09-15 03:02:05,369 - httpx - INFO - HTTP Request: GET https://api.trychroma.com:8000/api/v2/auth/identity "HTTP/1.1 200 OK"
2025-09-15 03:02:05,375 - chromadb.config - WARNING - chroma_server_nofile is set to 65536, but this is less than current soft limit of 1048576. chroma_server_nofile will not be set.
2025-09-15 03:02:06,446 - httpx - INFO - HTTP Request: GET https://api.trychroma.com:8000/api/v2/tenants/eacc7fce-0948-49c8-a52b-5ed4969db763 "HTTP/1.1 200 OK"
2025-09-15 03:02:06,719 - httpx - INFO - HTTP Request: GET https://api.trychroma.com:8000/api/v2/tenants/eacc7fce-0948-49c8-a52b-5ed4969db763/databases/AI%20legal%20assistant%20ChromaDB "HTTP/1.1 200 OK"
2025-09-15 03:02:06,787 - src.store_vector.init_index - INFO - Client ChromaDB created successfully.
2025-09-15 03:02:06,788 - src.store_vector.init_index - INFO - Kiểm tra hoặc tạo collection: 'legal_assistant_collection'...
2025-09-15 03:02:07,061 - httpx - INFO - HTTP Request: POST https://api.trychroma.com:8000/api/v2/tenants/eacc7fce-0948-49c8-a52b-5ed4969db763/databases/AI%20legal%20assistant%20ChromaDB/collections "HTTP/1.1 200 OK"
2025-09-15 03:02:07,064 - src.store_vector.init_index - INFO - Collection 'legal_assistant_collection' đã sẵn sàng.
2025-09-15 03:02:07,066 - __main__ - INFO - ✅ ChromaDB Cloud client connected successfully
2025-09-15 03:02:07,348 - httpx - INFO - HTTP Request: GET https://api.trychroma.com:8000/api/v2/tenants/eacc7fce-0948-49c8-a52b-5ed4969db763/databases/AI%20legal%20assistant%20ChromaDB/collections/536f80ef-63ef-4e4e-b0b0-0359af9b3f6e/count "HTTP/1.1 200 OK"
2025-09-15 03:02:07,350 - __main__ - INFO - 📊 Collection contains 163374 documents
2025-09-15 03:02:07,640 - httpx - INFO - HTTP Request: POST https://api.trychroma.com:8000/api/v2/tenants/eacc7fce-0948-49c8-a52b-5ed4969db763/databases/AI%20legal%20assistant%20ChromaDB/collections/536f80ef-63ef-4e4e-b0b0-0359af9b3f6e/get "HTTP/1.1 200 OK"
2025-09-15 03:02:07,643 - __main__ - INFO - ✅ Collection access test successful
2025-09-15 03:02:07,644 - __main__ - INFO - 🎉 ChromaDB Cloud warm up completed in 3.47 seconds
2025-09-15 03:02:07,647 - __main__ - ERROR - ❌ Some warm up tasks failed!
2025-09-15 03:02:21,891 - chromadb.config - WARNING - chroma_server_nofile is set to 65536, but this is less than current soft limit of 1048576. chroma_server_nofile will not be set.
2025-09-15 03:02:23,067 - httpx - INFO - HTTP Request: GET https://api.trychroma.com:8000/api/v2/auth/identity "HTTP/1.1 200 OK"
2025-09-15 03:02:23,071 - chromadb.config - WARNING - chroma_server_nofile is set to 65536, but this is less than current soft limit of 1048576. chroma_server_nofile will not be set.
2025-09-15 03:02:24,211 - httpx - INFO - HTTP Request: GET https://api.trychroma.com:8000/api/v2/tenants/eacc7fce-0948-49c8-a52b-5ed4969db763 "HTTP/1.1 200 OK"
2025-09-15 03:02:24,477 - httpx - INFO - HTTP Request: GET https://api.trychroma.com:8000/api/v2/tenants/eacc7fce-0948-49c8-a52b-5ed4969db763/databases/AI%20legal%20assistant%20ChromaDB "HTTP/1.1 200 OK"
2025-09-15 03:02:24,511 - src.store_vector.init_index - INFO - Client ChromaDB created successfully.
2025-09-15 03:02:24,513 - src.store_vector.init_index - INFO - Kiểm tra hoặc tạo collection: 'legal_assistant_collection'...
2025-09-15 03:02:24,777 - httpx - INFO - HTTP Request: POST https://api.trychroma.com:8000/api/v2/tenants/eacc7fce-0948-49c8-a52b-5ed4969db763/databases/AI%20legal%20assistant%20ChromaDB/collections "HTTP/1.1 200 OK"
2025-09-15 03:02:24,780 - src.store_vector.init_index - INFO - Collection 'legal_assistant_collection' đã sẵn sàng.
2025-09-15 03:02:24,780 - __main__ - INFO - ✅ ChromaDB Cloud client connected successfully
2025-09-15 03:02:25,060 - httpx - INFO - HTTP Request: GET https://api.trychroma.com:8000/api/v2/tenants/eacc7fce-0948-49c8-a52b-5ed4969db763/databases/AI%20legal%20assistant%20ChromaDB/collections/536f80ef-63ef-4e4e-b0b0-0359af9b3f6e/count "HTTP/1.1 200 OK"
2025-09-15 03:02:25,062 - __main__ - INFO - 📊 Collection contains 163374 documents
2025-09-15 03:02:25,346 - httpx - INFO - HTTP Request: POST https://api.trychroma.com:8000/api/v2/tenants/eacc7fce-0948-49c8-a52b-5ed4969db763/databases/AI%20legal%20assistant%20ChromaDB/collections/536f80ef-63ef-4e4e-b0b0-0359af9b3f6e/get "HTTP/1.1 200 OK"
2025-09-15 03:02:25,350 - __main__ - INFO - ✅ Collection access test successful
2025-09-15 03:02:25,352 - __main__ - INFO - 🎉 ChromaDB Cloud warm up completed in 3.46 seconds
2025-09-15 03:02:25,355 - __main__ - ERROR - ❌ Some warm up tasks failed!
2025-09-15 03:02:39,418 - chromadb.config - WARNING - chroma_server_nofile is set to 65536, but this is less than current soft limit of 1048576. chroma_server_nofile will not be set.
2025-09-15 03:02:40,646 - httpx - INFO - HTTP Request: GET https://api.trychroma.com:8000/api/v2/auth/identity "HTTP/1.1 200 OK"
2025-09-15 03:02:40,649 - chromadb.config - WARNING - chroma_server_nofile is set to 65536, but this is less than current soft limit of 1048576. chroma_server_nofile will not be set.
2025-09-15 03:02:41,641 - httpx - INFO - HTTP Request: GET https://api.trychroma.com:8000/api/v2/tenants/eacc7fce-0948-49c8-a52b-5ed4969db763 "HTTP/1.1 200 OK"
2025-09-15 03:02:41,890 - httpx - INFO - HTTP Request: GET https://api.trychroma.com:8000/api/v2/tenants/eacc7fce-0948-49c8-a52b-5ed4969db763/databases/AI%20legal%20assistant%20ChromaDB "HTTP/1.1 200 OK"
2025-09-15 03:02:41,915 - src.store_vector.init_index - INFO - Client ChromaDB created successfully.
2025-09-15 03:02:41,916 - src.store_vector.init_index - INFO - Kiểm tra hoặc tạo collection: 'legal_assistant_collection'...
2025-09-15 03:02:42,197 - httpx - INFO - HTTP Request: POST https://api.trychroma.com:8000/api/v2/tenants/eacc7fce-0948-49c8-a52b-5ed4969db763/databases/AI%20legal%20assistant%20ChromaDB/collections "HTTP/1.1 200 OK"
2025-09-15 03:02:42,203 - src.store_vector.init_index - INFO - Collection 'legal_assistant_collection' đã sẵn sàng.
2025-09-15 03:02:42,206 - __main__ - INFO - ✅ ChromaDB Cloud client connected successfully
2025-09-15 03:02:42,513 - httpx - INFO - HTTP Request: GET https://api.trychroma.com:8000/api/v2/tenants/eacc7fce-0948-49c8-a52b-5ed4969db763/databases/AI%20legal%20assistant%20ChromaDB/collections/536f80ef-63ef-4e4e-b0b0-0359af9b3f6e/count "HTTP/1.1 200 OK"
2025-09-15 03:02:42,515 - __main__ - INFO - 📊 Collection contains 163374 documents
2025-09-15 03:02:42,805 - httpx - INFO - HTTP Request: POST https://api.trychroma.com:8000/api/v2/tenants/eacc7fce-0948-49c8-a52b-5ed4969db763/databases/AI%20legal%20assistant%20ChromaDB/collections/536f80ef-63ef-4e4e-b0b0-0359af9b3f6e/get "HTTP/1.1 200 OK"
2025-09-15 03:02:42,807 - __main__ - INFO - ✅ Collection access test successful
2025-09-15 03:02:42,808 - __main__ - INFO - 🎉 ChromaDB Cloud warm up completed in 3.39 seconds
2025-09-15 03:02:42,810 - __main__ - ERROR - ❌ Some warm up tasks failed!
2025-09-15 03:13:51,809 - chromadb.config - WARNING - chroma_server_nofile is set to 65536, but this is less than current soft limit of 1048576. chroma_server_nofile will not be set.
2025-09-15 03:13:53,145 - httpx - INFO - HTTP Request: GET https://api.trychroma.com:8000/api/v2/auth/identity "HTTP/1.1 200 OK"
2025-09-15 03:13:53,146 - chromadb.config - WARNING - chroma_server_nofile is set to 65536, but this is less than current soft limit of 1048576. chroma_server_nofile will not be set.
2025-09-15 03:13:54,184 - httpx - INFO - HTTP Request: GET https://api.trychroma.com:8000/api/v2/tenants/eacc7fce-0948-49c8-a52b-5ed4969db763 "HTTP/1.1 200 OK"
2025-09-15 03:13:54,445 - httpx - INFO - HTTP Request: GET https://api.trychroma.com:8000/api/v2/tenants/eacc7fce-0948-49c8-a52b-5ed4969db763/databases/AI%20legal%20assistant%20ChromaDB "HTTP/1.1 200 OK"
2025-09-15 03:13:54,482 - src.store_vector.init_index - INFO - Client ChromaDB created successfully.
2025-09-15 03:13:54,483 - src.store_vector.init_index - INFO - Kiểm tra hoặc tạo collection: 'legal_assistant_collection'...
2025-09-15 03:13:54,778 - httpx - INFO - HTTP Request: POST https://api.trychroma.com:8000/api/v2/tenants/eacc7fce-0948-49c8-a52b-5ed4969db763/databases/AI%20legal%20assistant%20ChromaDB/collections "HTTP/1.1 200 OK"
2025-09-15 03:13:54,791 - src.store_vector.init_index - INFO - Collection 'legal_assistant_collection' đã sẵn sàng.
2025-09-15 03:13:54,791 - __main__ - INFO - ✅ ChromaDB Cloud client connected successfully
2025-09-15 03:13:55,112 - httpx - INFO - HTTP Request: GET https://api.trychroma.com:8000/api/v2/tenants/eacc7fce-0948-49c8-a52b-5ed4969db763/databases/AI%20legal%20assistant%20ChromaDB/collections/536f80ef-63ef-4e4e-b0b0-0359af9b3f6e/count "HTTP/1.1 200 OK"
2025-09-15 03:13:55,115 - __main__ - INFO - 📊 Collection contains 163374 documents
2025-09-15 03:13:55,421 - httpx - INFO - HTTP Request: POST https://api.trychroma.com:8000/api/v2/tenants/eacc7fce-0948-49c8-a52b-5ed4969db763/databases/AI%20legal%20assistant%20ChromaDB/collections/536f80ef-63ef-4e4e-b0b0-0359af9b3f6e/get "HTTP/1.1 200 OK"
2025-09-15 03:13:55,423 - __main__ - INFO - ✅ Collection access test successful
2025-09-15 03:13:55,424 - __main__ - INFO - 🎉 ChromaDB Cloud warm up completed in 3.62 seconds
2025-09-15 03:13:55,425 - __main__ - INFO - 🎉 Warm up completed successfully!
2025-09-15 03:13:57,953 - chromadb.config - WARNING - chroma_server_nofile is set to 65536, but this is less than current soft limit of 1048576. chroma_server_nofile will not be set.
2025-09-15 03:13:59,119 - httpx - INFO - HTTP Request: GET https://api.trychroma.com:8000/api/v2/auth/identity "HTTP/1.1 200 OK"
2025-09-15 03:13:59,123 - chromadb.config - WARNING - chroma_server_nofile is set to 65536, but this is less than current soft limit of 1048576. chroma_server_nofile will not be set.
2025-09-15 03:14:00,200 - httpx - INFO - HTTP Request: GET https://api.trychroma.com:8000/api/v2/tenants/eacc7fce-0948-49c8-a52b-5ed4969db763 "HTTP/1.1 200 OK"
2025-09-15 03:14:00,471 - httpx - INFO - HTTP Request: GET https://api.trychroma.com:8000/api/v2/tenants/eacc7fce-0948-49c8-a52b-5ed4969db763/databases/AI%20legal%20assistant%20ChromaDB "HTTP/1.1 200 OK"
2025-09-15 03:14:00,483 - src.store_vector.init_index - INFO - Client ChromaDB created successfully.
2025-09-15 03:14:00,484 - src.store_vector.init_index - INFO - Kiểm tra hoặc tạo collection: 'legal_assistant_collection'...
2025-09-15 03:14:00,752 - httpx - INFO - HTTP Request: POST https://api.trychroma.com:8000/api/v2/tenants/eacc7fce-0948-49c8-a52b-5ed4969db763/databases/AI%20legal%20assistant%20ChromaDB/collections "HTTP/1.1 200 OK"
2025-09-15 03:14:00,754 - src.store_vector.init_index - INFO - Collection 'legal_assistant_collection' đã sẵn sàng.
2025-09-15 03:14:10,671 - app.logic.retrieve_logic - INFO - The question is What is Chapter I Article 1 of Civil Law?
2025-09-15 03:14:10,672 - app.logic.retrieve_logic - INFO - The number of returning chunks is 5
2025-09-15 03:14:12,879 - httpx - INFO - HTTP Request: GET https://hieuailearning-baai-bge-m3-api.hf.space/config "HTTP/1.1 200 OK"
2025-09-15 03:14:14,173 - httpx - INFO - HTTP Request: GET https://hieuailearning-baai-bge-m3-api.hf.space/gradio_api/info?serialize=False "HTTP/1.1 200 OK"
2025-09-15 03:14:15,217 - httpx - INFO - HTTP Request: POST https://hieuailearning-baai-bge-m3-api.hf.space/gradio_api/queue/join "HTTP/1.1 200 OK"
2025-09-15 03:14:15,223 - httpx - INFO - HTTP Request: GET https://hieuailearning-baai-bge-m3-api.hf.space/gradio_api/heartbeat/d24943d7-2aa6-4776-a4ab-377aac670286 "HTTP/1.1 200 OK"
2025-09-15 03:14:16,624 - httpx - INFO - HTTP Request: GET https://hieuailearning-baai-bge-m3-api.hf.space/gradio_api/queue/data?session_hash=d24943d7-2aa6-4776-a4ab-377aac670286 "HTTP/1.1 200 OK"
2025-09-15 03:14:18,436 - src.store_vector.search_embeddings - INFO - Successfully got embedding from API (attempt 1) for text length: 41
2025-09-15 03:14:23,826 - httpx - INFO - HTTP Request: POST https://api.trychroma.com:8000/api/v2/tenants/eacc7fce-0948-49c8-a52b-5ed4969db763/databases/AI%20legal%20assistant%20ChromaDB/collections/536f80ef-63ef-4e4e-b0b0-0359af9b3f6e/query "HTTP/1.1 200 OK"
2025-09-15 03:14:23,828 - src.store_vector.search_embeddings - INFO - Time to run with retrieving is 5.389013
2025-09-15 03:14:23,829 - src.store_vector.search_embeddings - INFO - Time to run search_embeddings is 13.156205
2025-09-15 03:14:23,830 - app.logic.retrieve_logic - INFO - Found 5 valid chunk
2025-09-15 03:14:23,862 - app.logic.rag_logic - INFO - The question is What is Chapter I Article 1 of Civil Law?
2025-09-15 03:14:25,560 - httpx - INFO - HTTP Request: GET https://hieuailearning-baai-bge-m3-api.hf.space/config "HTTP/1.1 200 OK"
2025-09-15 03:14:26,832 - httpx - INFO - HTTP Request: GET https://hieuailearning-baai-bge-m3-api.hf.space/gradio_api/info?serialize=False "HTTP/1.1 200 OK"
2025-09-15 03:14:27,834 - httpx - INFO - HTTP Request: GET https://hieuailearning-baai-bge-m3-api.hf.space/gradio_api/heartbeat/19962f34-fff0-40bf-8060-adab5a30679b "HTTP/1.1 200 OK"
2025-09-15 03:14:27,881 - httpx - INFO - HTTP Request: POST https://hieuailearning-baai-bge-m3-api.hf.space/gradio_api/queue/join "HTTP/1.1 200 OK"
2025-09-15 03:14:28,926 - httpx - INFO - HTTP Request: GET https://hieuailearning-baai-bge-m3-api.hf.space/gradio_api/queue/data?session_hash=19962f34-fff0-40bf-8060-adab5a30679b "HTTP/1.1 200 OK"
2025-09-15 03:14:30,853 - src.store_vector.search_embeddings - INFO - Successfully got embedding from API (attempt 1) for text length: 41
2025-09-15 03:14:32,253 - httpx - INFO - HTTP Request: POST https://api.trychroma.com:8000/api/v2/tenants/eacc7fce-0948-49c8-a52b-5ed4969db763/databases/AI%20legal%20assistant%20ChromaDB/collections/536f80ef-63ef-4e4e-b0b0-0359af9b3f6e/query "HTTP/1.1 200 OK"
2025-09-15 03:14:32,254 - src.store_vector.search_embeddings - INFO - Time to run with retrieving is 1.399509
2025-09-15 03:14:32,255 - src.store_vector.search_embeddings - INFO - Time to run search_embeddings is 8.391963
2025-09-15 03:14:42,092 - app.logic.rag_logic - INFO - retrieving_time = 8.3937, prompting_time = 0.0000, llm_time = 9.8367, total_time = 18.2305 
2025-09-15 03:14:42,093 - app.logic.rag_logic - INFO - RAG answer successfully
2025-09-15 03:18:44,519 - chromadb.config - WARNING - chroma_server_nofile is set to 65536, but this is less than current soft limit of 1048576. chroma_server_nofile will not be set.
2025-09-15 03:18:45,753 - httpx - INFO - HTTP Request: GET https://api.trychroma.com:8000/api/v2/auth/identity "HTTP/1.1 200 OK"
2025-09-15 03:18:45,755 - chromadb.config - WARNING - chroma_server_nofile is set to 65536, but this is less than current soft limit of 1048576. chroma_server_nofile will not be set.
2025-09-15 03:18:46,897 - httpx - INFO - HTTP Request: GET https://api.trychroma.com:8000/api/v2/tenants/eacc7fce-0948-49c8-a52b-5ed4969db763 "HTTP/1.1 200 OK"
2025-09-15 03:18:47,181 - httpx - INFO - HTTP Request: GET https://api.trychroma.com:8000/api/v2/tenants/eacc7fce-0948-49c8-a52b-5ed4969db763/databases/AI%20legal%20assistant%20ChromaDB "HTTP/1.1 200 OK"
2025-09-15 03:18:47,219 - src.store_vector.init_index - INFO - Client ChromaDB created successfully.
2025-09-15 03:18:47,220 - src.store_vector.init_index - INFO - Kiểm tra hoặc tạo collection: 'legal_assistant_collection'...
2025-09-15 03:18:47,523 - httpx - INFO - HTTP Request: POST https://api.trychroma.com:8000/api/v2/tenants/eacc7fce-0948-49c8-a52b-5ed4969db763/databases/AI%20legal%20assistant%20ChromaDB/collections "HTTP/1.1 200 OK"
2025-09-15 03:18:47,526 - src.store_vector.init_index - INFO - Collection 'legal_assistant_collection' đã sẵn sàng.
2025-09-15 03:18:47,527 - __main__ - INFO - ✅ ChromaDB Cloud client connected successfully
2025-09-15 03:18:47,857 - httpx - INFO - HTTP Request: GET https://api.trychroma.com:8000/api/v2/tenants/eacc7fce-0948-49c8-a52b-5ed4969db763/databases/AI%20legal%20assistant%20ChromaDB/collections/536f80ef-63ef-4e4e-b0b0-0359af9b3f6e/count "HTTP/1.1 200 OK"
2025-09-15 03:18:47,859 - __main__ - INFO - 📊 Collection contains 163374 documents
2025-09-15 03:18:48,173 - httpx - INFO - HTTP Request: POST https://api.trychroma.com:8000/api/v2/tenants/eacc7fce-0948-49c8-a52b-5ed4969db763/databases/AI%20legal%20assistant%20ChromaDB/collections/536f80ef-63ef-4e4e-b0b0-0359af9b3f6e/get "HTTP/1.1 200 OK"
2025-09-15 03:18:48,175 - __main__ - INFO - ✅ Collection access test successful
2025-09-15 03:18:48,177 - __main__ - INFO - 🎉 ChromaDB Cloud warm up completed in 3.66 seconds
2025-09-15 03:18:48,178 - __main__ - INFO - 🎉 Warm up completed successfully!
2025-09-15 03:18:50,828 - chromadb.config - WARNING - chroma_server_nofile is set to 65536, but this is less than current soft limit of 1048576. chroma_server_nofile will not be set.
2025-09-15 03:18:51,983 - httpx - INFO - HTTP Request: GET https://api.trychroma.com:8000/api/v2/auth/identity "HTTP/1.1 200 OK"
2025-09-15 03:18:51,986 - chromadb.config - WARNING - chroma_server_nofile is set to 65536, but this is less than current soft limit of 1048576. chroma_server_nofile will not be set.
2025-09-15 03:18:53,042 - httpx - INFO - HTTP Request: GET https://api.trychroma.com:8000/api/v2/tenants/eacc7fce-0948-49c8-a52b-5ed4969db763 "HTTP/1.1 200 OK"
2025-09-15 03:18:53,302 - httpx - INFO - HTTP Request: GET https://api.trychroma.com:8000/api/v2/tenants/eacc7fce-0948-49c8-a52b-5ed4969db763/databases/AI%20legal%20assistant%20ChromaDB "HTTP/1.1 200 OK"
2025-09-15 03:18:53,308 - src.store_vector.init_index - INFO - Client ChromaDB created successfully.
2025-09-15 03:18:53,309 - src.store_vector.init_index - INFO - Kiểm tra hoặc tạo collection: 'legal_assistant_collection'...
2025-09-15 03:18:53,579 - httpx - INFO - HTTP Request: POST https://api.trychroma.com:8000/api/v2/tenants/eacc7fce-0948-49c8-a52b-5ed4969db763/databases/AI%20legal%20assistant%20ChromaDB/collections "HTTP/1.1 200 OK"
2025-09-15 03:18:53,582 - src.store_vector.init_index - INFO - Collection 'legal_assistant_collection' đã sẵn sàng.
2025-09-15 03:19:03,393 - app.logic.retrieve_logic - INFO - The question is What is Chapter I Article 1 of Civil Law?
2025-09-15 03:19:03,394 - app.logic.retrieve_logic - INFO - The number of returning chunks is 5
2025-09-15 03:19:05,521 - httpx - INFO - HTTP Request: GET https://hieuailearning-baai-bge-m3-api.hf.space/config "HTTP/1.1 200 OK"
2025-09-15 03:19:06,552 - httpx - INFO - HTTP Request: GET https://hieuailearning-baai-bge-m3-api.hf.space/gradio_api/info?serialize=False "HTTP/1.1 200 OK"
2025-09-15 03:19:07,615 - httpx - INFO - HTTP Request: GET https://hieuailearning-baai-bge-m3-api.hf.space/gradio_api/heartbeat/569e3d02-1fd4-491a-8040-7c3d72eed4ea "HTTP/1.1 200 OK"
2025-09-15 03:19:07,644 - httpx - INFO - HTTP Request: POST https://hieuailearning-baai-bge-m3-api.hf.space/gradio_api/queue/join "HTTP/1.1 200 OK"
2025-09-15 03:19:08,730 - httpx - INFO - HTTP Request: GET https://hieuailearning-baai-bge-m3-api.hf.space/gradio_api/queue/data?session_hash=569e3d02-1fd4-491a-8040-7c3d72eed4ea "HTTP/1.1 200 OK"
2025-09-15 03:19:09,207 - src.store_vector.search_embeddings - INFO - Successfully got embedding from API (attempt 1) for text length: 41
2025-09-15 03:19:10,588 - httpx - INFO - HTTP Request: POST https://api.trychroma.com:8000/api/v2/tenants/eacc7fce-0948-49c8-a52b-5ed4969db763/databases/AI%20legal%20assistant%20ChromaDB/collections/536f80ef-63ef-4e4e-b0b0-0359af9b3f6e/query "HTTP/1.1 200 OK"
2025-09-15 03:19:10,591 - src.store_vector.search_embeddings - INFO - Time to run with retrieving is 1.382062
2025-09-15 03:19:10,592 - src.store_vector.search_embeddings - INFO - Time to run search_embeddings is 7.197117
2025-09-15 03:19:10,593 - app.logic.retrieve_logic - INFO - Found 5 valid chunk
2025-09-15 03:19:10,624 - app.logic.rag_logic - INFO - The question is What is Chapter I Article 1 of Civil Law?
2025-09-15 03:19:28,081 - httpx - INFO - HTTP Request: GET https://hieuailearning-baai-bge-m3-api.hf.space/config "HTTP/1.1 200 OK"
2025-09-15 03:19:29,124 - httpx - INFO - HTTP Request: GET https://hieuailearning-baai-bge-m3-api.hf.space/gradio_api/info?serialize=False "HTTP/1.1 200 OK"
2025-09-15 03:19:30,150 - httpx - INFO - HTTP Request: GET https://hieuailearning-baai-bge-m3-api.hf.space/gradio_api/heartbeat/d09bc231-64bb-4796-ad15-fffd3fd2e654 "HTTP/1.1 200 OK"
2025-09-15 03:19:30,216 - httpx - INFO - HTTP Request: POST https://hieuailearning-baai-bge-m3-api.hf.space/gradio_api/queue/join "HTTP/1.1 200 OK"
2025-09-15 03:19:31,278 - httpx - INFO - HTTP Request: GET https://hieuailearning-baai-bge-m3-api.hf.space/gradio_api/queue/data?session_hash=d09bc231-64bb-4796-ad15-fffd3fd2e654 "HTTP/1.1 200 OK"
2025-09-15 03:19:35,247 - src.store_vector.search_embeddings - INFO - Successfully got embedding from API (attempt 1) for text length: 41
2025-09-15 03:19:36,617 - httpx - INFO - HTTP Request: POST https://api.trychroma.com:8000/api/v2/tenants/eacc7fce-0948-49c8-a52b-5ed4969db763/databases/AI%20legal%20assistant%20ChromaDB/collections/536f80ef-63ef-4e4e-b0b0-0359af9b3f6e/query "HTTP/1.1 200 OK"
2025-09-15 03:19:36,620 - src.store_vector.search_embeddings - INFO - Time to run with retrieving is 1.371018
2025-09-15 03:19:36,631 - src.store_vector.search_embeddings - INFO - Time to run search_embeddings is 26.005531
2025-09-15 03:19:49,834 - app.logic.retrieve_logic - INFO - The question is string
2025-09-15 03:19:49,836 - app.logic.retrieve_logic - INFO - The number of returning chunks is 5
2025-09-15 03:19:51,862 - httpx - INFO - HTTP Request: GET https://hieuailearning-baai-bge-m3-api.hf.space/config "HTTP/1.1 200 OK"
2025-09-15 03:19:53,046 - httpx - INFO - HTTP Request: GET https://hieuailearning-baai-bge-m3-api.hf.space/gradio_api/info?serialize=False "HTTP/1.1 200 OK"
2025-09-15 03:19:53,502 - app.logic.rag_logic - INFO - retrieving_time = 26.0088, prompting_time = 0.0000, llm_time = 16.8735, total_time = 42.8823 
2025-09-15 03:19:53,502 - app.logic.rag_logic - INFO - RAG answer successfully
2025-09-15 03:19:54,105 - httpx - INFO - HTTP Request: GET https://hieuailearning-baai-bge-m3-api.hf.space/gradio_api/heartbeat/4f7829ad-9d19-4635-a62e-c4594680115a "HTTP/1.1 200 OK"
2025-09-15 03:19:54,117 - httpx - INFO - HTTP Request: POST https://hieuailearning-baai-bge-m3-api.hf.space/gradio_api/queue/join "HTTP/1.1 200 OK"
2025-09-15 03:19:55,181 - httpx - INFO - HTTP Request: GET https://hieuailearning-baai-bge-m3-api.hf.space/gradio_api/queue/data?session_hash=4f7829ad-9d19-4635-a62e-c4594680115a "HTTP/1.1 200 OK"
2025-09-15 03:19:55,478 - src.store_vector.search_embeddings - INFO - Successfully got embedding from API (attempt 1) for text length: 6
2025-09-15 03:19:56,843 - httpx - INFO - HTTP Request: POST https://api.trychroma.com:8000/api/v2/tenants/eacc7fce-0948-49c8-a52b-5ed4969db763/databases/AI%20legal%20assistant%20ChromaDB/collections/536f80ef-63ef-4e4e-b0b0-0359af9b3f6e/query "HTTP/1.1 200 OK"
2025-09-15 03:19:56,844 - src.store_vector.search_embeddings - INFO - Time to run with retrieving is 1.364588
2025-09-15 03:19:56,845 - src.store_vector.search_embeddings - INFO - Time to run search_embeddings is 7.007344
2025-09-15 03:19:56,846 - app.logic.retrieve_logic - INFO - Found 5 valid chunk
2025-09-15 03:20:12,669 - app.logic.rag_logic - INFO - The question is Luật lao động cho trẻ vị thành niên?
2025-09-15 03:20:14,668 - httpx - INFO - HTTP Request: GET https://hieuailearning-baai-bge-m3-api.hf.space/config "HTTP/1.1 200 OK"
2025-09-15 03:20:15,718 - httpx - INFO - HTTP Request: GET https://hieuailearning-baai-bge-m3-api.hf.space/gradio_api/info?serialize=False "HTTP/1.1 200 OK"
2025-09-15 03:20:16,739 - httpx - INFO - HTTP Request: GET https://hieuailearning-baai-bge-m3-api.hf.space/gradio_api/heartbeat/0d2cce1b-10bb-4251-8886-c3ebebe88b2c "HTTP/1.1 200 OK"
2025-09-15 03:20:16,778 - httpx - INFO - HTTP Request: POST https://hieuailearning-baai-bge-m3-api.hf.space/gradio_api/queue/join "HTTP/1.1 200 OK"
2025-09-15 03:20:17,870 - httpx - INFO - HTTP Request: GET https://hieuailearning-baai-bge-m3-api.hf.space/gradio_api/queue/data?session_hash=0d2cce1b-10bb-4251-8886-c3ebebe88b2c "HTTP/1.1 200 OK"
2025-09-15 03:20:18,491 - src.store_vector.search_embeddings - INFO - Successfully got embedding from API (attempt 1) for text length: 36
2025-09-15 03:20:19,849 - httpx - INFO - HTTP Request: POST https://api.trychroma.com:8000/api/v2/tenants/eacc7fce-0948-49c8-a52b-5ed4969db763/databases/AI%20legal%20assistant%20ChromaDB/collections/536f80ef-63ef-4e4e-b0b0-0359af9b3f6e/query "HTTP/1.1 200 OK"
2025-09-15 03:20:19,851 - src.store_vector.search_embeddings - INFO - Time to run with retrieving is 1.358376
2025-09-15 03:20:19,851 - src.store_vector.search_embeddings - INFO - Time to run search_embeddings is 7.181186
2025-09-15 03:20:34,505 - app.logic.rag_logic - INFO - retrieving_time = 7.1829, prompting_time = 0.0000, llm_time = 14.6557, total_time = 21.8387 
2025-09-15 03:20:34,506 - app.logic.rag_logic - INFO - RAG answer successfully
